Copyright 1986-2022 Xilinx, Inc. All Rights Reserved.
--------------------------------------------------------------------------------------------------------------
| Tool Version : Vivado v.2022.2 (lin64) Build 3671981 Fri Oct 14 04:59:54 MDT 2022
| Date         : Fri Mar  6 17:35:30 2026
| Host         : ralab06.informatik.uni-stuttgart.de running 64-bit AlmaLinux release 8.10 (Cerulean Leopard)
| Command      : report_control_sets -verbose -file cw305_top_control_sets_placed.rpt
| Design       : cw305_top
| Device       : xc7a100t
--------------------------------------------------------------------------------------------------------------

Control Set Information

Table of Contents
-----------------
1. Summary
2. Histogram
3. Flip-Flop Distribution
4. Detailed Control Set Information

1. Summary
----------

+----------------------------------------------------------+-------+
|                          Status                          | Count |
+----------------------------------------------------------+-------+
| Total control sets                                       |    33 |
|    Minimum number of control sets                        |    33 |
|    Addition due to synthesis replication                 |     0 |
|    Addition due to physical synthesis replication        |     0 |
| Unused register locations in slices containing registers |    26 |
+----------------------------------------------------------+-------+
* Control sets can be merged at opt_design using control_set_merge or merge_equivalent_drivers
** Run report_qor_suggestions for automated merging and remapping suggestions


2. Histogram
------------

+--------------------+-------+
|       Fanout       | Count |
+--------------------+-------+
| Total control sets |    33 |
| >= 0 to < 4        |     0 |
| >= 4 to < 6        |     3 |
| >= 6 to < 8        |     0 |
| >= 8 to < 10       |    21 |
| >= 10 to < 12      |     1 |
| >= 12 to < 14      |     0 |
| >= 14 to < 16      |     0 |
| >= 16              |     8 |
+--------------------+-------+
* Control sets can be remapped at either synth_design or opt_design


3. Flip-Flop Distribution
-------------------------

+--------------+-----------------------+------------------------+-----------------+--------------+
| Clock Enable | Synchronous Set/Reset | Asynchronous Set/Reset | Total Registers | Total Slices |
+--------------+-----------------------+------------------------+-----------------+--------------+
| No           | No                    | No                     |             652 |          159 |
| No           | No                    | Yes                    |             526 |          135 |
| No           | Yes                   | No                     |              22 |            8 |
| Yes          | No                    | No                     |             520 |          141 |
| Yes          | No                    | Yes                    |             473 |          101 |
| Yes          | Yes                   | No                     |               5 |            1 |
+--------------+-----------------------+------------------------+-----------------+--------------+


4. Detailed Control Set Information
-----------------------------------

+-----------------------+---------------------------------------------------------------------------------------+-----------------------------------------------------------------------------------------------------------------------------+------------------+----------------+--------------+
|      Clock Signal     |                                     Enable Signal                                     |                                                       Set/Reset Signal                                                      | Slice Load Count | Bel Load Count | Bels / Slice |
+-----------------------+---------------------------------------------------------------------------------------+-----------------------------------------------------------------------------------------------------------------------------+------------------+----------------+--------------+
|  U_clocks/crypt_clk   | u_aes_dom/FSM_onehot_start_seq[3]_i_1_n_0                                             | u_aes_dom/SR[0]                                                                                                             |                1 |              4 |         4.00 |
|  U_clocks/usb_clk_buf | U_usb_reg_fe/E[0]                                                                     | u_aes_dom/SR[0]                                                                                                             |                1 |              5 |         5.00 |
|  U_clocks/crypt_clk   | u_aes_dom/u_aes_dom/u_aes_top/rcon_1/first_done_seen_reg[0]                           | u_aes_dom/SR[0]                                                                                                             |                2 |              5 |         2.50 |
|  U_clocks/usb_clk_buf | U_usb_reg_fe/usb_addr_r_reg[3]_rep_1[2]                                               |                                                                                                                             |                3 |              8 |         2.67 |
|  U_clocks/usb_clk_buf | U_usb_reg_fe/usb_addr_r_reg[3]_rep_1[0]                                               |                                                                                                                             |                1 |              8 |         8.00 |
|  U_clocks/usb_clk_buf | U_usb_reg_fe/usb_addr_r_reg[3]_rep_1[3]                                               |                                                                                                                             |                2 |              8 |         4.00 |
|  U_clocks/usb_clk_buf | U_usb_reg_fe/usb_addr_r_reg[3]_rep_1[5]                                               |                                                                                                                             |                1 |              8 |         8.00 |
|  U_clocks/usb_clk_buf | U_usb_reg_fe/usb_addr_r_reg[3]_rep_1[4]                                               |                                                                                                                             |                2 |              8 |         4.00 |
|  U_clocks/usb_clk_buf | U_usb_reg_fe/usb_addr_r_reg[3]_rep_1[9]                                               |                                                                                                                             |                3 |              8 |         2.67 |
|  U_clocks/usb_clk_buf | U_usb_reg_fe/usb_addr_r_reg[3]_rep_1[7]                                               |                                                                                                                             |                1 |              8 |         8.00 |
|  U_clocks/usb_clk_buf | U_usb_reg_fe/usb_addr_r_reg[3]_rep_1[8]                                               |                                                                                                                             |                2 |              8 |         4.00 |
|  U_clocks/usb_clk_buf | U_usb_reg_fe/usb_addr_r_reg[3]_rep_1[6]                                               |                                                                                                                             |                1 |              8 |         8.00 |
|  U_clocks/usb_clk_buf | U_usb_reg_fe/usb_addr_r_reg[3]_rep_1[10]                                              |                                                                                                                             |                3 |              8 |         2.67 |
|  U_clocks/usb_clk_buf | U_usb_reg_fe/usb_addr_r_reg[3]_rep_1[13]                                              |                                                                                                                             |                1 |              8 |         8.00 |
|  U_clocks/usb_clk_buf | U_usb_reg_fe/usb_addr_r_reg[3]_rep_1[11]                                              |                                                                                                                             |                2 |              8 |         4.00 |
|  U_clocks/usb_clk_buf | U_usb_reg_fe/usb_addr_r_reg[3]_rep_1[15]                                              |                                                                                                                             |                3 |              8 |         2.67 |
|  U_clocks/usb_clk_buf | U_usb_reg_fe/usb_addr_r_reg[3]_rep_1[14]                                              |                                                                                                                             |                3 |              8 |         2.67 |
|  U_clocks/usb_clk_buf | U_usb_reg_fe/usb_addr_r_reg[3]_rep_1[12]                                              |                                                                                                                             |                2 |              8 |         4.00 |
|  U_clocks/usb_clk_buf | U_usb_reg_fe/usb_addr_r_reg[3]_rep_1[1]                                               |                                                                                                                             |                4 |              8 |         2.00 |
|  U_clocks/usb_clk_buf |                                                                                       | U_usb_reg_fe/reg_read_reg_0[0]                                                                                              |                4 |              8 |         2.00 |
|  U_clocks/crypt_clk   | u_aes_dom/u_aes_dom/u_aes_top/aes_sbox/dom_rst_n                                      |                                                                                                                             |                4 |              8 |         2.00 |
|  U_clocks/crypt_clk   | u_aes_dom/u_aes_dom/u_aes_top/controller_selection_g.aes_ctrl_lsfr_1/LSFRxDP_reg[0]_1 | u_aes_dom/u_aes_dom/u_aes_top/rcon_1/perfectly_interleaving.RCONxDP[7]_i_3_n_0                                              |                4 |              8 |         2.00 |
|  U_clocks/crypt_clk   | u_aes_dom/cycle_counter                                                               | u_aes_dom/SR[0]                                                                                                             |                3 |              8 |         2.67 |
|  U_clocks/usb_clk_buf |                                                                                       | u_aes_dom/SR[0]                                                                                                             |                3 |              9 |         3.00 |
|  U_clocks/crypt_clk   |                                                                                       | u_aes_dom/SR[0]                                                                                                             |                3 |             11 |         3.67 |
|  U_clocks/crypt_clk   | u_aes_dom/tio_trigger_OBUF                                                            | u_aes_dom/SR[0]                                                                                                             |               15 |             64 |         4.27 |
|  U_clocks/crypt_clk   | u_aes_dom/u_aes_dom/u_aes_top/controller_selection_g.aes_ctrl_lsfr_1/E[0]             | u_aes_dom/SR[0]                                                                                                             |               24 |            128 |         5.33 |
|  U_clocks/crypt_clk   | u_aes_dom/done_r_reg_0[0]                                                             |                                                                                                                             |               28 |            128 |         4.57 |
|  U_clocks/usb_clk_buf | U_usb_reg_fe/usb_wrn_r_reg_0[0]                                                       |                                                                                                                             |               75 |            256 |         3.41 |
|  U_clocks/crypt_clk   | U_reg_aes/U_go_pulse/pt_latched0                                                      | u_aes_dom/SR[0]                                                                                                             |               52 |            256 |         4.92 |
|  U_clocks/usb_clk_buf |                                                                                       |                                                                                                                             |               86 |            320 |         3.72 |
|  U_clocks/crypt_clk   |                                                                                       |                                                                                                                             |               73 |            380 |         5.21 |
|  U_clocks/crypt_clk   |                                                                                       | u_aes_dom/u_aes_dom/u_aes_top/aes_sbox/masked_variant_pipelined.inverter_gf24/shared_sel_pipelined.a_mul_b/dom_soft_rst_reg |              133 |            520 |         3.91 |
+-----------------------+---------------------------------------------------------------------------------------+-----------------------------------------------------------------------------------------------------------------------------+------------------+----------------+--------------+


