Copyright 1986-2022 Xilinx, Inc. All Rights Reserved.
------------------------------------------------------------------------------------------------------------------
| Tool Version : Vivado v.2022.2 (lin64) Build 3671981 Fri Oct 14 04:59:54 MDT 2022
| Date         : Sat Mar 14 12:08:20 2026
| Host         : ralab06.informatik.uni-stuttgart.de running 64-bit AlmaLinux release 8.10 (Cerulean Leopard)
| Command      : report_drc -file cw305_top_drc_opted.rpt -pb cw305_top_drc_opted.pb -rpx cw305_top_drc_opted.rpx
| Design       : cw305_top
| Device       : xc7a100tftg256-2
| Speed File   : -2
| Design State : Synthesized
------------------------------------------------------------------------------------------------------------------

Report DRC

Table of Contents
-----------------
1. REPORT SUMMARY
2. REPORT DETAILS

1. REPORT SUMMARY
-----------------
            Netlist: netlist
          Floorplan: design_1
      Design limits: <entire design considered>
           Ruledeck: default
             Max violations: <unlimited>
             Violations found: 0
+------+----------+-------------+------------+
| Rule | Severity | Description | Violations |
+------+----------+-------------+------------+
+------+----------+-------------+------------+

2. REPORT DETAILS
-----------------

